[2m10:01:18 am[22m [31m[1m[vite][22m[39m [31m[2m(client)[22m[39m [2m[console.error] [22mWarning: Encountered two children with the same key, `#`. Keys should be unique so that components maintain their identity across updates. Non-unique keys may cause children to be duplicated and/or omitted — the behavior is unsupported and could change in a future version.
    at div
    at div
    at div
    at div
    at footer
    at Footer
    at Router (http://127.0.0.1:5173/node_modules/.vite/deps/react-router-dom.js?v=4ad19229:3723:18)
    at BrowserRouter (http://127.0.0.1:5173/node_modules/.vite/deps/react-router-dom.js?v=4ad19229:4402:8)
    at App
[2m10:01:18 am[22m [31m[1m[vite][22m[39m [31m[2m(client)[22m[39m [2m[console.error] [22mWarning: Encountered two children with the same key, `#`. Keys should be unique so that components maintain their identity across updates. Non-unique keys may cause children to be duplicated and/or omitted — the behavior is unsupported and could change in a future version.
    at div
    at div
    at div
    at div
    at footer
    at Footer
    at Router (http://127.0.0.1:5173/node_modules/.vite/deps/react-router-dom.js?v=4ad19229:3723:18)
    at BrowserRouter (http://127.0.0.1:5173/node_modules/.vite/deps/react-router-dom.js?v=4ad19229:4402:8)
    at App
[2m10:01:18 am[22m [33m[1m[vite][22m[39m [33m[2m(client)[22m[39m [2m[console.warn] [22m⚠️ React Router Future Flag Warning: React Router will begin wrapping state updates in `React.startTransition` in v7. You can use the `v7_startTransition` future flag to opt-in early. For more information, see https://reactrouter.com/v6/upgrading/future#v7_starttransition.
[2m10:01:18 am[22m [33m[1m[vite][22m[39m [33m[2m(client)[22m[39m [2m[console.warn] [22m⚠️ React Router Future Flag Warning: Relative route resolution within Splat routes is changing in v7. You can use the `v7_relativeSplatPath` future flag to opt-in early. For more information, see https://reactrouter.com/v6/upgrading/future#v7_relativesplatpath.
[31mUnable to resolve `@import "./tailwind.generated.css"` from E:/Smart Trip Planner2/frontend/src[39m
[2m10:06:46 am[22m [31m[1m[vite][22m[39m [31mInternal server error: [postcss] ENOENT: no such file or directory, open 'E:\Smart Trip Planner2\frontend\tailwind.generated.css'[39m
  Plugin: [35mvite:css[39m
  File: [36mE:/Smart Trip Planner2/frontend/src/index.css[39m:undefined:NaN
      at async open (node:internal/fs/promises:640:25)
      at async Object.readFile (node:internal/fs/promises:1287:14)
      at async Object.load (file:///E:/Smart%20Trip%20Planner2/frontend/node_modules/vite/dist/node/chunks/node.js:21000:17)
      at async loadImportContent (file:///E:/Smart%20Trip%20Planner2/frontend/node_modules/vite/dist/node/chunks/postcss-import.js:392:19)
      at async Promise.all (index 0)
      at async resolveImportId (file:///E:/Smart%20Trip%20Planner2/frontend/node_modules/vite/dist/node/chunks/postcss-import.js:378:20)
      at async parseStyles (file:///E:/Smart%20Trip%20Planner2/frontend/node_modules/vite/dist/node/chunks/postcss-import.js:331:4)
      at async Object.Once (file:///E:/Smart%20Trip%20Planner2/frontend/node_modules/vite/dist/node/chunks/postcss-import.js:455:20)
      at async LazyResult.runAsync (E:\Smart Trip Planner2\frontend\node_modules\postcss\lib\lazy-result.js:293:11)
      at async runPostCSS (file:///E:/Smart%20Trip%20Planner2/frontend/node_modules/vite/dist/node/chunks/node.js:21054:19)
[2m10:06:46 am[22m [31m[1m[vite][22m[39m [31m[2m(client)[22m[39m [2m[console.error] [22m[vite] Failed to reload /src/index.css. This could be due to syntax errors or importing non-existent modules. (see errors above)
[31mUnable to resolve `@import "./tailwind.generated.css"` from E:/Smart Trip Planner2/frontend/src[39m
[2m10:07:27 am[22m [31m[1m[vite][22m[39m [31mInternal server error: [postcss] ENOENT: no such file or directory, open 'E:\Smart Trip Planner2\frontend\tailwind.generated.css'[39m
  Plugin: [35mvite:css[39m
  File: [36mE:/Smart Trip Planner2/frontend/src/index.css[39m:undefined:NaN
      at async open (node:internal/fs/promises:640:25)
      at async Object.readFile (node:internal/fs/promises:1287:14)
      at async Object.load (file:///E:/Smart%20Trip%20Planner2/frontend/node_modules/vite/dist/node/chunks/node.js:21000:17)
      at async loadImportContent (file:///E:/Smart%20Trip%20Planner2/frontend/node_modules/vite/dist/node/chunks/postcss-import.js:392:19)
      at async Promise.all (index 0)
      at async resolveImportId (file:///E:/Smart%20Trip%20Planner2/frontend/node_modules/vite/dist/node/chunks/postcss-import.js:378:20)
      at async parseStyles (file:///E:/Smart%20Trip%20Planner2/frontend/node_modules/vite/dist/node/chunks/postcss-import.js:331:4)
      at async Object.Once (file:///E:/Smart%20Trip%20Planner2/frontend/node_modules/vite/dist/node/chunks/postcss-import.js:455:20)
      at async LazyResult.runAsync (E:\Smart Trip Planner2\frontend\node_modules\postcss\lib\lazy-result.js:293:11)
      at async runPostCSS (file:///E:/Smart%20Trip%20Planner2/frontend/node_modules/vite/dist/node/chunks/node.js:21054:19)
[2m10:07:54 am[22m [31m[1m[vite][22m[39m [31m[2m(client)[22m[39m [2m[console.error] [22mWarning: Encountered two children with the same key, `#`. Keys should be unique so that components maintain their identity across updates. Non-unique keys may cause children to be duplicated and/or omitted — the behavior is unsupported and could change in a future version.
    at div
    at div
    at div
    at div
    at footer
    at Footer
    at Router (http://127.0.0.1:5173/node_modules/.vite/deps/react-router-dom.js?v=4ad19229:3723:18)
    at BrowserRouter (http://127.0.0.1:5173/node_modules/.vite/deps/react-router-dom.js?v=4ad19229:4402:8)
    at App
[2m10:07:54 am[22m [31m[1m[vite][22m[39m [31m[2m(client)[22m[39m [2m[console.error] [22mWarning: Encountered two children with the same key, `#`. Keys should be unique so that components maintain their identity across updates. Non-unique keys may cause children to be duplicated and/or omitted — the behavior is unsupported and could change in a future version.
    at div
    at div
    at div
    at div
    at footer
    at Footer
    at Router (http://127.0.0.1:5173/node_modules/.vite/deps/react-router-dom.js?v=4ad19229:3723:18)
    at BrowserRouter (http://127.0.0.1:5173/node_modules/.vite/deps/react-router-dom.js?v=4ad19229:4402:8)
    at App
[2m10:07:54 am[22m [33m[1m[vite][22m[39m [33m[2m(client)[22m[39m [2m[console.warn] [22m⚠️ React Router Future Flag Warning: React Router will begin wrapping state updates in `React.startTransition` in v7. You can use the `v7_startTransition` future flag to opt-in early. For more information, see https://reactrouter.com/v6/upgrading/future#v7_starttransition.
[2m10:07:54 am[22m [33m[1m[vite][22m[39m [33m[2m(client)[22m[39m [2m[console.warn] [22m⚠️ React Router Future Flag Warning: Relative route resolution within Splat routes is changing in v7. You can use the `v7_relativeSplatPath` future flag to opt-in early. For more information, see https://reactrouter.com/v6/upgrading/future#v7_relativesplatpath.
[2m10:13:36 am[22m [31m[1m[vite][22m[39m [31m[2m(client)[22m[39m [2m[console.error] [22mWarning: Encountered two children with the same key, `#`. Keys should be unique so that components maintain their identity across updates. Non-unique keys may cause children to be duplicated and/or omitted — the behavior is unsupported and could change in a future version.
    at div
    at div
    at div
    at div
    at footer
    at Footer
    at Router (http://127.0.0.1:5173/node_modules/.vite/deps/react-router-dom.js?v=4ad19229:3723:18)
    at BrowserRouter (http://127.0.0.1:5173/node_modules/.vite/deps/react-router-dom.js?v=4ad19229:4402:8)
    at App
[2m10:13:36 am[22m [31m[1m[vite][22m[39m [31m[2m(client)[22m[39m [2m[console.error] [22mWarning: Encountered two children with the same key, `#`. Keys should be unique so that components maintain their identity across updates. Non-unique keys may cause children to be duplicated and/or omitted — the behavior is unsupported and could change in a future version.
    at div
    at div
    at div
    at div
    at footer
    at Footer
    at Router (http://127.0.0.1:5173/node_modules/.vite/deps/react-router-dom.js?v=4ad19229:3723:18)
    at BrowserRouter (http://127.0.0.1:5173/node_modules/.vite/deps/react-router-dom.js?v=4ad19229:4402:8)
    at App
[2m10:13:36 am[22m [33m[1m[vite][22m[39m [33m[2m(client)[22m[39m [2m[console.warn] [22m⚠️ React Router Future Flag Warning: React Router will begin wrapping state updates in `React.startTransition` in v7. You can use the `v7_startTransition` future flag to opt-in early. For more information, see https://reactrouter.com/v6/upgrading/future#v7_starttransition.
[2m10:13:36 am[22m [33m[1m[vite][22m[39m [33m[2m(client)[22m[39m [2m[console.warn] [22m⚠️ React Router Future Flag Warning: Relative route resolution within Splat routes is changing in v7. You can use the `v7_relativeSplatPath` future flag to opt-in early. For more information, see https://reactrouter.com/v6/upgrading/future#v7_relativesplatpath.
[2m10:16:03 am[22m [31m[1m[vite][22m[39m [31m[2m(client)[22m[39m [2m[console.error] [22mWarning: Encountered two children with the same key, `#`. Keys should be unique so that components maintain their identity across updates. Non-unique keys may cause children to be duplicated and/or omitted — the behavior is unsupported and could change in a future version.
    at div
    at div
    at div
    at div
    at footer
    at Footer
    at Router (http://127.0.0.1:5173/node_modules/.vite/deps/react-router-dom.js?v=4ad19229:3723:18)
    at BrowserRouter (http://127.0.0.1:5173/node_modules/.vite/deps/react-router-dom.js?v=4ad19229:4402:8)
    at App
[2m10:16:03 am[22m [31m[1m[vite][22m[39m [31m[2m(client)[22m[39m [2m[console.error] [22mWarning: Encountered two children with the same key, `#`. Keys should be unique so that components maintain their identity across updates. Non-unique keys may cause children to be duplicated and/or omitted — the behavior is unsupported and could change in a future version.
    at div
    at div
    at div
    at div
    at footer
    at Footer
    at Router (http://127.0.0.1:5173/node_modules/.vite/deps/react-router-dom.js?v=4ad19229:3723:18)
    at BrowserRouter (http://127.0.0.1:5173/node_modules/.vite/deps/react-router-dom.js?v=4ad19229:4402:8)
    at App
[2m10:16:03 am[22m [33m[1m[vite][22m[39m [33m[2m(client)[22m[39m [2m[console.warn] [22m⚠️ React Router Future Flag Warning: React Router will begin wrapping state updates in `React.startTransition` in v7. You can use the `v7_startTransition` future flag to opt-in early. For more information, see https://reactrouter.com/v6/upgrading/future#v7_starttransition.
[2m10:16:03 am[22m [33m[1m[vite][22m[39m [33m[2m(client)[22m[39m [2m[console.warn] [22m⚠️ React Router Future Flag Warning: Relative route resolution within Splat routes is changing in v7. You can use the `v7_relativeSplatPath` future flag to opt-in early. For more information, see https://reactrouter.com/v6/upgrading/future#v7_relativesplatpath.
[2m10:18:42 am[22m [31m[1m[vite][22m[39m [31m[2m(client)[22m[39m [2m[console.error] [22mWarning: Encountered two children with the same key, `#`. Keys should be unique so that components maintain their identity across updates. Non-unique keys may cause children to be duplicated and/or omitted — the behavior is unsupported and could change in a future version.
    at div
    at div
    at div
    at div
    at footer
    at Footer
    at Router (http://127.0.0.1:5173/node_modules/.vite/deps/react-router-dom.js?v=4ad19229:3723:18)
    at BrowserRouter (http://127.0.0.1:5173/node_modules/.vite/deps/react-router-dom.js?v=4ad19229:4402:8)
    at App
[2m10:18:42 am[22m [31m[1m[vite][22m[39m [31m[2m(client)[22m[39m [2m[console.error] [22mWarning: Encountered two children with the same key, `#`. Keys should be unique so that components maintain their identity across updates. Non-unique keys may cause children to be duplicated and/or omitted — the behavior is unsupported and could change in a future version.
    at div
    at div
    at div
    at div
    at footer
    at Footer
    at Router (http://127.0.0.1:5173/node_modules/.vite/deps/react-router-dom.js?v=4ad19229:3723:18)
    at BrowserRouter (http://127.0.0.1:5173/node_modules/.vite/deps/react-router-dom.js?v=4ad19229:4402:8)
    at App
[2m10:21:00 am[22m [31m[1m[vite][22m[39m [31mInternal server error: Transform failed with 1 error:

[31m[PARSE_ERROR] [0mInvalid Character `₹`
     [38;5;246m╭[0m[38;5;246m─[0m[38;5;246m[[0m src/pages/ExpensePage.jsx:130:23 [38;5;246m][0m
     [38;5;246m│[0m
 [38;5;246m130 │[0m [38;5;249m [0m[38;5;249m [0m[38;5;249m [0m[38;5;249m [0m[38;5;249m [0m[38;5;249m [0m[38;5;249m [0m[38;5;249m [0m[38;5;249m [0m[38;5;249m [0m[38;5;249m [0m[38;5;249m [0m[38;5;249m [0m[38;5;249m [0m[38;5;249m [0m[38;5;249m [0m[38;5;249m [0m[38;5;249m [0m[38;5;249m [0m[38;5;249m [0m[38;5;249m?[0m[38;5;249m [0m₹[38;5;249m$[0m[38;5;249m{[0m[38;5;249mM[0m[38;5;249ma[0m[38;5;249mt[0m[38;5;249mh[0m[38;5;249m.[0m[38;5;249ma[0m[38;5;249mb[0m[38;5;249ms[0m[38;5;249m([0m[38;5;249mc[0m[38;5;249mu[0m[38;5;249mr[0m[38;5;249mr[0m[38;5;249me[0m[38;5;249mn[0m[38;5;249mt[0m[38;5;249mU[0m[38;5;249ms[0m[38;5;249me[0m[38;5;249mr[0m[38;5;249mB[0m[38;5;249ma[0m[38;5;249ml[0m[38;5;249ma[0m[38;5;249mn[0m[38;5;249mc[0m[38;5;249me[0m[38;5;249m.[0m[38;5;249mn[0m[38;5;249me[0m[38;5;249mt[0m[38;5;249mB[0m[38;5;249ma[0m[38;5;249ml[0m[38;5;249ma[0m[38;5;249mn[0m[38;5;249mc[0m[38;5;249me[0m[38;5;249m [0m[38;5;249m|[0m[38;5;249m|[0m[38;5;249m [0m[38;5;249m0[0m[38;5;249m)[0m[38;5;249m.[0m[38;5;249mt[0m[38;5;249mo[0m[38;5;249mL[0m[38;5;249mo[0m[38;5;249mc[0m[38;5;249ma[0m[38;5;249ml[0m[38;5;249me[0m[38;5;249mS[0m[38;5;249mt[0m[38;5;249mr[0m[38;5;249mi[0m[38;5;249mn[0m[38;5;249mg[0m[38;5;249m([0m[38;5;249m'[0m[38;5;249me[0m[38;5;249mn[0m[38;5;249m-[0m[38;5;249mI[0m[38;5;249mN[0m[38;5;249m'[0m[38;5;249m)[0m[38;5;249m}[0m
 [38;5;240m    │[0m                       ┬  
 [38;5;240m    │[0m                       ╰── 
[38;5;246m─────╯[0m
[39m
  Plugin: [35mvite:oxc[39m
  File: [36mE:/Smart Trip Planner2/frontend/src/pages/ExpensePage.jsx[39m
      at transformWithOxc (file:///E:/Smart%20Trip%20Planner2/frontend/node_modules/vite/dist/node/chunks/node.js:3339:19)
      at TransformPluginContext.transform (file:///E:/Smart%20Trip%20Planner2/frontend/node_modules/vite/dist/node/chunks/node.js:3410:26)
      at EnvironmentPluginContainer.transform (file:///E:/Smart%20Trip%20Planner2/frontend/node_modules/vite/dist/node/chunks/node.js:30271:51)
      at async loadAndTransform (file:///E:/Smart%20Trip%20Planner2/frontend/node_modules/vite/dist/node/chunks/node.js:24532:26)
      at async viteTransformMiddleware (file:///E:/Smart%20Trip%20Planner2/frontend/node_modules/vite/dist/node/chunks/node.js:24326:20)
[2m10:21:00 am[22m [31m[1m[vite][22m[39m [31m[2m(client)[22m[39m [2m[console.error] [22m[vite] Failed to reload /src/pages/ExpensePage.jsx. This could be due to syntax errors or importing non-existent modules. (see errors above)
[2m10:22:23 am[22m [31m[1m[vite][22m[39m [31m[2m(client)[22m[39m [2m[console.error] [22mWarning: Encountered two children with the same key, `#`. Keys should be unique so that components maintain their identity across updates. Non-unique keys may cause children to be duplicated and/or omitted — the behavior is unsupported and could change in a future version.
    at div
    at div
    at div
    at div
    at footer
    at Footer
    at Router (http://127.0.0.1:5173/node_modules/.vite/deps/react-router-dom.js?v=4ad19229:3723:18)
    at BrowserRouter (http://127.0.0.1:5173/node_modules/.vite/deps/react-router-dom.js?v=4ad19229:4402:8)
    at App
[2m10:22:23 am[22m [31m[1m[vite][22m[39m [31m[2m(client)[22m[39m [2m[console.error] [22mWarning: Encountered two children with the same key, `#`. Keys should be unique so that components maintain their identity across updates. Non-unique keys may cause children to be duplicated and/or omitted — the behavior is unsupported and could change in a future version.
    at div
    at div
    at div
    at div
    at footer
    at Footer
    at Router (http://127.0.0.1:5173/node_modules/.vite/deps/react-router-dom.js?v=4ad19229:3723:18)
    at BrowserRouter (http://127.0.0.1:5173/node_modules/.vite/deps/react-router-dom.js?v=4ad19229:4402:8)
    at App
[2m10:22:23 am[22m [33m[1m[vite][22m[39m [33m[2m(client)[22m[39m [2m[console.warn] [22m⚠️ React Router Future Flag Warning: React Router will begin wrapping state updates in `React.startTransition` in v7. You can use the `v7_startTransition` future flag to opt-in early. For more information, see https://reactrouter.com/v6/upgrading/future#v7_starttransition.
[2m10:22:23 am[22m [33m[1m[vite][22m[39m [33m[2m(client)[22m[39m [2m[console.warn] [22m⚠️ React Router Future Flag Warning: Relative route resolution within Splat routes is changing in v7. You can use the `v7_relativeSplatPath` future flag to opt-in early. For more information, see https://reactrouter.com/v6/upgrading/future#v7_relativesplatpath.
[2m10:32:30 am[22m [31m[1m[vite][22m[39m [31m[2m(client)[22m[39m [2m[console.error] [22mWarning: Encountered two children with the same key, `#`. Keys should be unique so that components maintain their identity across updates. Non-unique keys may cause children to be duplicated and/or omitted — the behavior is unsupported and could change in a future version.
    at div
    at div
    at div
    at div
    at footer
    at Footer
    at Router (http://127.0.0.1:5173/node_modules/.vite/deps/react-router-dom.js?v=4ad19229:3723:18)
    at BrowserRouter (http://127.0.0.1:5173/node_modules/.vite/deps/react-router-dom.js?v=4ad19229:4402:8)
    at App
[2m10:32:30 am[22m [31m[1m[vite][22m[39m [31m[2m(client)[22m[39m [2m[console.error] [22mWarning: Encountered two children with the same key, `#`. Keys should be unique so that components maintain their identity across updates. Non-unique keys may cause children to be duplicated and/or omitted — the behavior is unsupported and could change in a future version.
    at div
    at div
    at div
    at div
    at footer
    at Footer
    at Router (http://127.0.0.1:5173/node_modules/.vite/deps/react-router-dom.js?v=4ad19229:3723:18)
    at BrowserRouter (http://127.0.0.1:5173/node_modules/.vite/deps/react-router-dom.js?v=4ad19229:4402:8)
    at App
[2m10:32:30 am[22m [33m[1m[vite][22m[39m [33m[2m(client)[22m[39m [2m[console.warn] [22m⚠️ React Router Future Flag Warning: React Router will begin wrapping state updates in `React.startTransition` in v7. You can use the `v7_startTransition` future flag to opt-in early. For more information, see https://reactrouter.com/v6/upgrading/future#v7_starttransition.
[2m10:32:30 am[22m [33m[1m[vite][22m[39m [33m[2m(client)[22m[39m [2m[console.warn] [22m⚠️ React Router Future Flag Warning: Relative route resolution within Splat routes is changing in v7. You can use the `v7_relativeSplatPath` future flag to opt-in early. For more information, see https://reactrouter.com/v6/upgrading/future#v7_relativesplatpath.
[2m10:52:27 am[22m [31m[1m[vite][22m[39m [31m[2m(client)[22m[39m [2m[console.error] [22mWarning: Encountered two children with the same key, `#`. Keys should be unique so that components maintain their identity across updates. Non-unique keys may cause children to be duplicated and/or omitted — the behavior is unsupported and could change in a future version.
    at div
    at div
    at div
    at div
    at footer
    at Footer
    at Router (http://127.0.0.1:5173/node_modules/.vite/deps/react-router-dom.js?v=4ad19229:3723:18)
    at BrowserRouter (http://127.0.0.1:5173/node_modules/.vite/deps/react-router-dom.js?v=4ad19229:4402:8)
    at App
[2m10:52:27 am[22m [31m[1m[vite][22m[39m [31m[2m(client)[22m[39m [2m[console.error] [22mWarning: Encountered two children with the same key, `#`. Keys should be unique so that components maintain their identity across updates. Non-unique keys may cause children to be duplicated and/or omitted — the behavior is unsupported and could change in a future version.
    at div
    at div
    at div
    at div
    at footer
    at Footer
    at Router (http://127.0.0.1:5173/node_modules/.vite/deps/react-router-dom.js?v=4ad19229:3723:18)
    at BrowserRouter (http://127.0.0.1:5173/node_modules/.vite/deps/react-router-dom.js?v=4ad19229:4402:8)
    at App
[2m10:52:27 am[22m [33m[1m[vite][22m[39m [33m[2m(client)[22m[39m [2m[console.warn] [22m⚠️ React Router Future Flag Warning: React Router will begin wrapping state updates in `React.startTransition` in v7. You can use the `v7_startTransition` future flag to opt-in early. For more information, see https://reactrouter.com/v6/upgrading/future#v7_starttransition.
[2m10:52:27 am[22m [33m[1m[vite][22m[39m [33m[2m(client)[22m[39m [2m[console.warn] [22m⚠️ React Router Future Flag Warning: Relative route resolution within Splat routes is changing in v7. You can use the `v7_relativeSplatPath` future flag to opt-in early. For more information, see https://reactrouter.com/v6/upgrading/future#v7_relativesplatpath.
[2m11:16:33 am[22m [31m[1m[vite][22m[39m [31m[2m(client)[22m[39m [2m[console.error] [22mWarning: Encountered two children with the same key, `#`. Keys should be unique so that components maintain their identity across updates. Non-unique keys may cause children to be duplicated and/or omitted — the behavior is unsupported and could change in a future version.
    at div
    at div
    at div
    at div
    at footer
    at Footer
    at Router (http://127.0.0.1:5173/node_modules/.vite/deps/react-router-dom.js?v=4ad19229:3723:18)
    at BrowserRouter (http://127.0.0.1:5173/node_modules/.vite/deps/react-router-dom.js?v=4ad19229:4402:8)
    at App
[2m11:16:33 am[22m [31m[1m[vite][22m[39m [31m[2m(client)[22m[39m [2m[console.error] [22mWarning: Encountered two children with the same key, `#`. Keys should be unique so that components maintain their identity across updates. Non-unique keys may cause children to be duplicated and/or omitted — the behavior is unsupported and could change in a future version.
    at div
    at div
    at div
    at div
    at footer
    at Footer
    at Router (http://127.0.0.1:5173/node_modules/.vite/deps/react-router-dom.js?v=4ad19229:3723:18)
    at BrowserRouter (http://127.0.0.1:5173/node_modules/.vite/deps/react-router-dom.js?v=4ad19229:4402:8)
    at App
[2m11:16:33 am[22m [33m[1m[vite][22m[39m [33m[2m(client)[22m[39m [2m[console.warn] [22m⚠️ React Router Future Flag Warning: React Router will begin wrapping state updates in `React.startTransition` in v7. You can use the `v7_startTransition` future flag to opt-in early. For more information, see https://reactrouter.com/v6/upgrading/future#v7_starttransition.
[2m11:16:33 am[22m [33m[1m[vite][22m[39m [33m[2m(client)[22m[39m [2m[console.warn] [22m⚠️ React Router Future Flag Warning: Relative route resolution within Splat routes is changing in v7. You can use the `v7_relativeSplatPath` future flag to opt-in early. For more information, see https://reactrouter.com/v6/upgrading/future#v7_relativesplatpath.
[2m11:16:36 am[22m [31m[1m[vite][22m[39m [31m[2m(client)[22m[39m [2m[console.error] [22mWarning: Encountered two children with the same key, `#`. Keys should be unique so that components maintain their identity across updates. Non-unique keys may cause children to be duplicated and/or omitted — the behavior is unsupported and could change in a future version.
    at div
    at div
    at div
    at div
    at footer
    at Footer
    at Router (http://127.0.0.1:5173/node_modules/.vite/deps/react-router-dom.js?v=4ad19229:3723:18)
    at BrowserRouter (http://127.0.0.1:5173/node_modules/.vite/deps/react-router-dom.js?v=4ad19229:4402:8)
    at App
[2m11:16:36 am[22m [31m[1m[vite][22m[39m [31m[2m(client)[22m[39m [2m[console.error] [22mWarning: Encountered two children with the same key, `#`. Keys should be unique so that components maintain their identity across updates. Non-unique keys may cause children to be duplicated and/or omitted — the behavior is unsupported and could change in a future version.
    at div
    at div
    at div
    at div
    at footer
    at Footer
    at Router (http://127.0.0.1:5173/node_modules/.vite/deps/react-router-dom.js?v=4ad19229:3723:18)
    at BrowserRouter (http://127.0.0.1:5173/node_modules/.vite/deps/react-router-dom.js?v=4ad19229:4402:8)
    at App
[2m11:16:36 am[22m [33m[1m[vite][22m[39m [33m[2m(client)[22m[39m [2m[console.warn] [22m⚠️ React Router Future Flag Warning: React Router will begin wrapping state updates in `React.startTransition` in v7. You can use the `v7_startTransition` future flag to opt-in early. For more information, see https://reactrouter.com/v6/upgrading/future#v7_starttransition.
[2m11:16:36 am[22m [33m[1m[vite][22m[39m [33m[2m(client)[22m[39m [2m[console.warn] [22m⚠️ React Router Future Flag Warning: Relative route resolution within Splat routes is changing in v7. You can use the `v7_relativeSplatPath` future flag to opt-in early. For more information, see https://reactrouter.com/v6/upgrading/future#v7_relativesplatpath.
[2m11:16:44 am[22m [31m[1m[vite][22m[39m [31m[2m(client)[22m[39m [2m[console.error] [22mWarning: Encountered two children with the same key, `#`. Keys should be unique so that components maintain their identity across updates. Non-unique keys may cause children to be duplicated and/or omitted — the behavior is unsupported and could change in a future version.
    at div
    at div
    at div
    at div
    at footer
    at Footer
    at Router (http://127.0.0.1:5173/node_modules/.vite/deps/react-router-dom.js?v=4ad19229:3723:18)
    at BrowserRouter (http://127.0.0.1:5173/node_modules/.vite/deps/react-router-dom.js?v=4ad19229:4402:8)
    at App
[2m11:16:44 am[22m [31m[1m[vite][22m[39m [31m[2m(client)[22m[39m [2m[console.error] [22mWarning: Encountered two children with the same key, `#`. Keys should be unique so that components maintain their identity across updates. Non-unique keys may cause children to be duplicated and/or omitted — the behavior is unsupported and could change in a future version.
    at div
    at div
    at div
    at div
    at footer
    at Footer
    at Router (http://127.0.0.1:5173/node_modules/.vite/deps/react-router-dom.js?v=4ad19229:3723:18)
    at BrowserRouter (http://127.0.0.1:5173/node_modules/.vite/deps/react-router-dom.js?v=4ad19229:4402:8)
    at App
[2m11:16:44 am[22m [33m[1m[vite][22m[39m [33m[2m(client)[22m[39m [2m[console.warn] [22m⚠️ React Router Future Flag Warning: React Router will begin wrapping state updates in `React.startTransition` in v7. You can use the `v7_startTransition` future flag to opt-in early. For more information, see https://reactrouter.com/v6/upgrading/future#v7_starttransition.
[2m11:16:44 am[22m [33m[1m[vite][22m[39m [33m[2m(client)[22m[39m [2m[console.warn] [22m⚠️ React Router Future Flag Warning: Relative route resolution within Splat routes is changing in v7. You can use the `v7_relativeSplatPath` future flag to opt-in early. For more information, see https://reactrouter.com/v6/upgrading/future#v7_relativesplatpath.
[2m11:21:01 am[22m [31m[1m[vite][22m[39m [31m[2m(client)[22m[39m [2m[console.error] [22mWarning: Encountered two children with the same key, `#`. Keys should be unique so that components maintain their identity across updates. Non-unique keys may cause children to be duplicated and/or omitted — the behavior is unsupported and could change in a future version.
    at div
    at div
    at div
    at div
    at footer
    at Footer
    at Router (http://127.0.0.1:5173/node_modules/.vite/deps/react-router-dom.js?v=4ad19229:3723:18)
    at BrowserRouter (http://127.0.0.1:5173/node_modules/.vite/deps/react-router-dom.js?v=4ad19229:4402:8)
    at App
[2m11:21:01 am[22m [31m[1m[vite][22m[39m [31m[2m(client)[22m[39m [2m[console.error] [22mWarning: Encountered two children with the same key, `#`. Keys should be unique so that components maintain their identity across updates. Non-unique keys may cause children to be duplicated and/or omitted — the behavior is unsupported and could change in a future version.
    at div
    at div
    at div
    at div
    at footer
    at Footer
    at Router (http://127.0.0.1:5173/node_modules/.vite/deps/react-router-dom.js?v=4ad19229:3723:18)
    at BrowserRouter (http://127.0.0.1:5173/node_modules/.vite/deps/react-router-dom.js?v=4ad19229:4402:8)
    at App
[2m11:21:01 am[22m [33m[1m[vite][22m[39m [33m[2m(client)[22m[39m [2m[console.warn] [22m⚠️ React Router Future Flag Warning: React Router will begin wrapping state updates in `React.startTransition` in v7. You can use the `v7_startTransition` future flag to opt-in early. For more information, see https://reactrouter.com/v6/upgrading/future#v7_starttransition.
[2m11:21:01 am[22m [33m[1m[vite][22m[39m [33m[2m(client)[22m[39m [2m[console.warn] [22m⚠️ React Router Future Flag Warning: Relative route resolution within Splat routes is changing in v7. You can use the `v7_relativeSplatPath` future flag to opt-in early. For more information, see https://reactrouter.com/v6/upgrading/future#v7_relativesplatpath.
[2m11:30:31 am[22m [31m[1m[vite][22m[39m [31m[2m(client)[22m[39m [2m[console.error] [22mWarning: Encountered two children with the same key, `#`. Keys should be unique so that components maintain their identity across updates. Non-unique keys may cause children to be duplicated and/or omitted — the behavior is unsupported and could change in a future version.
    at div
    at div
    at div
    at div
    at footer
    at Footer
    at Router (http://127.0.0.1:5173/node_modules/.vite/deps/react-router-dom.js?v=4ad19229:3723:18)
    at BrowserRouter (http://127.0.0.1:5173/node_modules/.vite/deps/react-router-dom.js?v=4ad19229:4402:8)
    at App
[2m11:30:31 am[22m [31m[1m[vite][22m[39m [31m[2m(client)[22m[39m [2m[console.error] [22mWarning: Encountered two children with the same key, `#`. Keys should be unique so that components maintain their identity across updates. Non-unique keys may cause children to be duplicated and/or omitted — the behavior is unsupported and could change in a future version.
    at div
    at div
    at div
    at div
    at footer
    at Footer
    at Router (http://127.0.0.1:5173/node_modules/.vite/deps/react-router-dom.js?v=4ad19229:3723:18)
    at BrowserRouter (http://127.0.0.1:5173/node_modules/.vite/deps/react-router-dom.js?v=4ad19229:4402:8)
    at App
[2m11:30:31 am[22m [33m[1m[vite][22m[39m [33m[2m(client)[22m[39m [2m[console.warn] [22m⚠️ React Router Future Flag Warning: React Router will begin wrapping state updates in `React.startTransition` in v7. You can use the `v7_startTransition` future flag to opt-in early. For more information, see https://reactrouter.com/v6/upgrading/future#v7_starttransition.
[2m11:30:31 am[22m [33m[1m[vite][22m[39m [33m[2m(client)[22m[39m [2m[console.warn] [22m⚠️ React Router Future Flag Warning: Relative route resolution within Splat routes is changing in v7. You can use the `v7_relativeSplatPath` future flag to opt-in early. For more information, see https://reactrouter.com/v6/upgrading/future#v7_relativesplatpath.
[2m12:19:55 pm[22m [31m[1m[vite][22m[39m [31m[2m(client)[22m[39m [2m[console.error] [22mWarning: Encountered two children with the same key, `#`. Keys should be unique so that components maintain their identity across updates. Non-unique keys may cause children to be duplicated and/or omitted — the behavior is unsupported and could change in a future version.
    at div
    at div
    at div
    at div
    at footer
    at Footer
    at Router (http://localhost:5173/node_modules/.vite/deps/react-router-dom.js?v=4ad19229:3723:18)
    at BrowserRouter (http://localhost:5173/node_modules/.vite/deps/react-router-dom.js?v=4ad19229:4402:8)
    at App
[2m12:19:55 pm[22m [31m[1m[vite][22m[39m [31m[2m(client)[22m[39m [2m[console.error] [22mWarning: Encountered two children with the same key, `#`. Keys should be unique so that components maintain their identity across updates. Non-unique keys may cause children to be duplicated and/or omitted — the behavior is unsupported and could change in a future version.
    at div
    at div
    at div
    at div
    at footer
    at Footer
    at Router (http://localhost:5173/node_modules/.vite/deps/react-router-dom.js?v=4ad19229:3723:18)
    at BrowserRouter (http://localhost:5173/node_modules/.vite/deps/react-router-dom.js?v=4ad19229:4402:8)
    at App
[2m12:19:55 pm[22m [33m[1m[vite][22m[39m [33m[2m(client)[22m[39m [2m[console.warn] [22m⚠️ React Router Future Flag Warning: React Router will begin wrapping state updates in `React.startTransition` in v7. You can use the `v7_startTransition` future flag to opt-in early. For more information, see https://reactrouter.com/v6/upgrading/future#v7_starttransition.
[2m12:19:55 pm[22m [33m[1m[vite][22m[39m [33m[2m(client)[22m[39m [2m[console.warn] [22m⚠️ React Router Future Flag Warning: Relative route resolution within Splat routes is changing in v7. You can use the `v7_relativeSplatPath` future flag to opt-in early. For more information, see https://reactrouter.com/v6/upgrading/future#v7_relativesplatpath.
[2m12:19:55 pm[22m [31m[1m[vite][22m[39m [31m[2m(client)[22m[39m [2m[console.error] [22mWarning: Encountered two children with the same key, `#`. Keys should be unique so that components maintain their identity across updates. Non-unique keys may cause children to be duplicated and/or omitted — the behavior is unsupported and could change in a future version.
    at div
    at div
    at div
    at div
    at footer
    at Footer
    at Router (http://localhost:5173/node_modules/.vite/deps/react-router-dom.js?v=4ad19229:3723:18)
    at BrowserRouter (http://localhost:5173/node_modules/.vite/deps/react-router-dom.js?v=4ad19229:4402:8)
    at App
[2m12:19:55 pm[22m [31m[1m[vite][22m[39m [31m[2m(client)[22m[39m [2m[console.error] [22mWarning: Encountered two children with the same key, `#`. Keys should be unique so that components maintain their identity across updates. Non-unique keys may cause children to be duplicated and/or omitted — the behavior is unsupported and could change in a future version.
    at div
    at div
    at div
    at div
    at footer
    at Footer
    at Router (http://localhost:5173/node_modules/.vite/deps/react-router-dom.js?v=4ad19229:3723:18)
    at BrowserRouter (http://localhost:5173/node_modules/.vite/deps/react-router-dom.js?v=4ad19229:4402:8)
    at App
[2m12:19:55 pm[22m [33m[1m[vite][22m[39m [33m[2m(client)[22m[39m [2m[console.warn] [22m⚠️ React Router Future Flag Warning: React Router will begin wrapping state updates in `React.startTransition` in v7. You can use the `v7_startTransition` future flag to opt-in early. For more information, see https://reactrouter.com/v6/upgrading/future#v7_starttransition.
[2m12:19:55 pm[22m [33m[1m[vite][22m[39m [33m[2m(client)[22m[39m [2m[console.warn] [22m⚠️ React Router Future Flag Warning: Relative route resolution within Splat routes is changing in v7. You can use the `v7_relativeSplatPath` future flag to opt-in early. For more information, see https://reactrouter.com/v6/upgrading/future#v7_relativesplatpath.
[2m12:20:06 pm[22m [31m[1m[vite][22m[39m [31m[2m(client)[22m[39m [2m[console.error] [22mWarning: Invalid hook call. Hooks can only be called inside of the body of a function component. This could happen for one of the following reasons:
1. You might have mismatching versions of React and the renderer (such as React DOM)
2. You might be breaking the Rules of Hooks
3. You might have more than one copy of React in the same app
See https://reactjs.org/link/invalid-hook-call for tips about how to debug and fix this problem.
[2m12:20:06 pm[22m [31m[1m[vite][22m[39m [31m[2m(client)[22m[39m [2m[console.error] [22mWarning: Invalid hook call. Hooks can only be called inside of the body of a function component. This could happen for one of the following reasons:
1. You might have mismatching versions of React and the renderer (such as React DOM)
2. You might be breaking the Rules of Hooks
3. You might have more than one copy of React in the same app
See https://reactjs.org/link/invalid-hook-call for tips about how to debug and fix this problem.
[2m12:20:06 pm[22m [31m[1m[vite][22m[39m [31m[2m(client)[22m[39m [31m[Unhandled error] [1mTypeError[22m: Cannot read properties of null (reading 'useRef')
[39m > Object.useRef ../../node_modules/.vite/deps/react.js?v=2ead7b61:969:30
 > BrowserRouter ../../node_modules/.vite/deps/react-router-dom.js?v=2ead7b61:4403:32
 > renderWithHooks node_modules/react-dom/cjs/react-dom.development.js:15486:17
 > mountIndeterminateComponent node_modules/react-dom/cjs/react-dom.development.js:20103:12
 > beginWork node_modules/react-dom/cjs/react-dom.development.js:21626:15
 > HTMLUnknownElement.callCallback node_modules/react-dom/cjs/react-dom.development.js:4164:13
 > Object.invokeGuardedCallbackDev node_modules/react-dom/cjs/react-dom.development.js:4213:15
 > invokeGuardedCallback node_modules/react-dom/cjs/react-dom.development.js:4277:30
 > beginWork$1 node_modules/react-dom/cjs/react-dom.development.js:27490:6
 > performUnitOfWork node_modules/react-dom/cjs/react-dom.development.js:26596:11

[2m12:20:06 pm[22m [31m[1m[vite][22m[39m [31m[2m(client)[22m[39m [2m[console.error] [22mWarning: Invalid hook call. Hooks can only be called inside of the body of a function component. This could happen for one of the following reasons:
1. You might have mismatching versions of React and the renderer (such as React DOM)
2. You might be breaking the Rules of Hooks
3. You might have more than one copy of React in the same app
See https://reactjs.org/link/invalid-hook-call for tips about how to debug and fix this problem.
[2m12:20:06 pm[22m [31m[1m[vite][22m[39m [31m[2m(client)[22m[39m [2m[console.error] [22mWarning: Invalid hook call. Hooks can only be called inside of the body of a function component. This could happen for one of the following reasons:
1. You might have mismatching versions of React and the renderer (such as React DOM)
2. You might be breaking the Rules of Hooks
3. You might have more than one copy of React in the same app
See https://reactjs.org/link/invalid-hook-call for tips about how to debug and fix this problem.
[2m12:20:07 pm[22m [31m[1m[vite][22m[39m [31m[2m(client)[22m[39m [31m[Unhandled error] [1mTypeError[22m: Cannot read properties of null (reading 'useRef')
[39m > Object.useRef ../../node_modules/.vite/deps/react.js?v=2ead7b61:969:30
 > BrowserRouter ../../node_modules/.vite/deps/react-router-dom.js?v=2ead7b61:4403:32
 > renderWithHooks node_modules/react-dom/cjs/react-dom.development.js:15486:17
 > mountIndeterminateComponent node_modules/react-dom/cjs/react-dom.development.js:20103:12
 > beginWork node_modules/react-dom/cjs/react-dom.development.js:21626:15
 > HTMLUnknownElement.callCallback node_modules/react-dom/cjs/react-dom.development.js:4164:13
 > Object.invokeGuardedCallbackDev node_modules/react-dom/cjs/react-dom.development.js:4213:15
 > invokeGuardedCallback node_modules/react-dom/cjs/react-dom.development.js:4277:30
 > beginWork$1 node_modules/react-dom/cjs/react-dom.development.js:27490:6
 > performUnitOfWork node_modules/react-dom/cjs/react-dom.development.js:26596:11

[2m12:20:07 pm[22m [31m[1m[vite][22m[39m [31m[2m(client)[22m[39m [2m[console.error] [22mThe above error occurred in the <BrowserRouter> component:

    at BrowserRouter (http://localhost:5173/node_modules/.vite/deps/react-router-dom.js?v=2ead7b61:4402:8)
    at App

Consider adding an error boundary to your tree to customize error handling behavior.
Visit https://reactjs.org/link/error-boundaries to learn more about error boundaries.
[2m12:20:07 pm[22m [31m[1m[vite][22m[39m [31m[2m(client)[22m[39m [31m[Unhandled error] [1mTypeError[22m: Cannot read properties of null (reading 'useRef')
[39m > Object.useRef ../../node_modules/.vite/deps/react.js?v=2ead7b61:969:30
 > BrowserRouter ../../node_modules/.vite/deps/react-router-dom.js?v=2ead7b61:4403:32
 > renderWithHooks node_modules/react-dom/cjs/react-dom.development.js:15486:17
 > mountIndeterminateComponent node_modules/react-dom/cjs/react-dom.development.js:20103:12
 > beginWork node_modules/react-dom/cjs/react-dom.development.js:21626:15
 > beginWork$1 node_modules/react-dom/cjs/react-dom.development.js:27465:13
 > performUnitOfWork node_modules/react-dom/cjs/react-dom.development.js:26596:11
 > workLoopSync node_modules/react-dom/cjs/react-dom.development.js:26505:4
 > renderRootSync node_modules/react-dom/cjs/react-dom.development.js:26473:6
 > recoverFromConcurrentError node_modules/react-dom/cjs/react-dom.development.js:25889:19

[2m12:21:21 pm[22m [31m[1m[vite][22m[39m [31m[2m(client)[22m[39m [2m[console.error] [22mWarning: Encountered two children with the same key, `#`. Keys should be unique so that components maintain their identity across updates. Non-unique keys may cause children to be duplicated and/or omitted — the behavior is unsupported and could change in a future version.
    at div
    at div
    at div
    at div
    at footer
    at Footer
    at Router (http://localhost:5173/node_modules/.vite/deps/react-router-dom.js?v=4ad19229:3723:18)
    at BrowserRouter (http://localhost:5173/node_modules/.vite/deps/react-router-dom.js?v=4ad19229:4402:8)
    at App
[2m12:21:21 pm[22m [31m[1m[vite][22m[39m [31m[2m(client)[22m[39m [2m[console.error] [22mWarning: Encountered two children with the same key, `#`. Keys should be unique so that components maintain their identity across updates. Non-unique keys may cause children to be duplicated and/or omitted — the behavior is unsupported and could change in a future version.
    at div
    at div
    at div
    at div
    at footer
    at Footer
    at Router (http://localhost:5173/node_modules/.vite/deps/react-router-dom.js?v=4ad19229:3723:18)
    at BrowserRouter (http://localhost:5173/node_modules/.vite/deps/react-router-dom.js?v=4ad19229:4402:8)
    at App
[2m12:21:21 pm[22m [33m[1m[vite][22m[39m [33m[2m(client)[22m[39m [2m[console.warn] [22m⚠️ React Router Future Flag Warning: React Router will begin wrapping state updates in `React.startTransition` in v7. You can use the `v7_startTransition` future flag to opt-in early. For more information, see https://reactrouter.com/v6/upgrading/future#v7_starttransition.
[2m12:21:21 pm[22m [33m[1m[vite][22m[39m [33m[2m(client)[22m[39m [2m[console.warn] [22m⚠️ React Router Future Flag Warning: Relative route resolution within Splat routes is changing in v7. You can use the `v7_relativeSplatPath` future flag to opt-in early. For more information, see https://reactrouter.com/v6/upgrading/future#v7_relativesplatpath.
